<html><head>
    <script>(function(a){var b=a.babelHelpers={};b.interopRequireDefault=function(a){return a&&a.__esModule?a:{default:a}},b.interopRequireWildcard=function(a){if(a&&a.__esModule)return a;var b={};if(null!=a)for(var c in a)if(Object.prototype.hasOwnProperty.call(a,c)){var d=Object.defineProperty&&Object.getOwnPropertyDescriptor?Object.getOwnPropertyDescriptor(a,c):{};d.get||d.set?Object.defineProperty(b,c,d):b[c]=a[c]}return b.default=a,b}})("undefined"===typeof global?self:global);</script>
<script>"use strict";(function(){function a(a,b,c){var d=a;if(d.state=b,d.stateData=c,0<d.onNextStateChange.length){var e=d.onNextStateChange.slice();d.onNextStateChange.length=0;for(var f,g=0,h=e;g<h.length;g++)f=h[g],f()}return d}function b(b){function d(){try{document.head.removeChild(f)}catch(a){}}var e=a(b,"Loading",void 0),f=document.createElement("script");return f.src=b.url,f.onload=function(){var a,b;void 0===q?(a=[],b=void 0):(f=q(),a=f[0],b=f[1]),c(e,a,b),d();var f},f.onerror=function(){g(b,new TypeError("Failed to fetch "+b.url)),d()},document.head.appendChild(f),e}function c(b,c,e){var f=d(b,c),g=f[0],h=f[1];return a(b,"WaitingForTurn",{args:g,deps:h,moduleBody:e})}function d(a,c){for(var e,f=[],g=[],i=0,j=c;i<j.length;i++){if(e=j[i],"exports"===e){f.push(a.exports);continue}if("require"===e){f.push(function(b,c,e){var f=d(a,b),g=f[0],i=f[1];h(i,function(){c&&c.apply(null,g)},e)});continue}if("meta"===e){f.push({url:!0===a.isTopLevel?t:a.url});continue}var l=k(n(a.urlBase,e));f.push(l.exports),g.push(l),"Initialized"===l.state&&b(l)}return[f,g]}function e(b){var c=a(b,"WaitingOnDeps",b.stateData);return h(b.stateData.deps,function(){return f(c)},function(a){return g(c,a)}),c}function f(b){var c=b.stateData;if(null!=c.moduleBody)try{c.moduleBody.apply(null,c.args)}catch(a){return g(b,a)}return a(b,"Executed",void 0)}function g(b,c){return!0===b.isTopLevel&&setTimeout(function(){throw c}),a(b,"Failed",c)}function h(a,b,c){var d=a.shift();return void 0===d?void(b&&b()):"WaitingOnDeps"===d.state?(!1,void h(a,b,c)):void i(d,function(){h(a,b,c)},c)}function i(a,b,c){switch(a.state){case"WaitingForTurn":return e(a),void i(a,b,c);case"Failed":return void(c&&c(a.stateData));case"Executed":return void b();case"Loading":case"WaitingOnDeps":return void a.onNextStateChange.push(function(){return i(a,b,c)});case"Initialized":throw new Error("All dependencies should be loading already before pressureDependencyToExecute is called.");default:throw new Error("Impossible module state: "+a.state);}}function j(a,b){switch(a.state){case"Executed":case"Failed":return void b();default:a.onNextStateChange.push(function(){return j(a,b)});}}function k(a){var b=p[a];return void 0===b&&(b=p[a]={url:a,urlBase:m(a),exports:Object.create(null),state:"Initialized",stateData:void 0,isTopLevel:!1,onNextStateChange:[]}),b}function l(a){return u.href=a,u.href}function m(a){return a=a.split("?")[0],a=a.split("#")[0],a.substring(0,a.lastIndexOf("/")+1)}function n(a,b){return-1===b.indexOf("://")?l(a+b):b}function o(){return document.baseURI||(document.querySelector("base")||window.location).href}var p=Object.create(null),q=void 0,r=0,s=void 0,t=o();window.define=function(a,b){var d=!1;q=function(){return d=!0,q=void 0,[a,b]},setTimeout(function(){if(!1==d){q=void 0;var f=t+"#"+r++,g=k(f);g.isTopLevel=!0;var h=c(g,a,b);s===void 0?e(h):j(k(s),function(){e(h)}),s=f}},0)},window.define._reset=function(){for(var a in p)delete p[a];q=void 0,r=0,s=void 0,t=o()};var u=document.createElement("a")})();</script>
<script>define(['./mod1.js']);</script>
  </head>
  <body>

</body></html>