<!doctype html>
<!--
@license
Copyright (c) 2015 The Polymer Project Authors. All rights reserved.
This code may only be used under the BSD style license found at http://polymer.github.io/LICENSE.txt
The complete set of authors may be found at http://polymer.github.io/AUTHORS.txt
The complete set of contributors may be found at http://polymer.github.io/CONTRIBUTORS.txt
Code distributed by Google as part of the polymer project is also
subject to an additional IP rights grant found at http://polymer.github.io/PATENTS.txt
-->
<html>
<head>
  <title>iron-icon demo</title>
  <script src="../../../@webcomponents/webcomponentsjs/webcomponents-bundle.js"></script>
  <script type="module" src="../iron-icon.js"></script>
  <script type="module" src="../../../@polymer/iron-iconset/iron-iconset.js"></script>
  <script type="module" src="../../../@polymer/iron-demo-helpers/demo-pages-shared-styles.js"></script>
  <script type="module" src="../../../@polymer/iron-demo-helpers/demo-snippet.js"></script>
</head>
<body unresolved>
  <!-- FIXME(polymer-modulizer):
        These imperative modules that innerHTML your HTML are
        a hacky way to be sure that any mixins in included style
        modules are ready before any elements that reference them are
        instantiated, otherwise the CSS @apply mixin polyfill won't be
        able to expand the underlying CSS custom properties.
        See: https://github.com/Polymer/polymer-modulizer/issues/154
        -->
    <script type="module">
const $_documentContainer = document.createElement('template');

$_documentContainer.innerHTML = `<custom-style>
    <style is="custom-style" include="demo-pages-shared-styles"></style>
  </custom-style>`;

document.body.appendChild($_documentContainer.content);
</script>

  <script type="module">
const $_documentContainer = document.createElement('template');

$_documentContainer.innerHTML = `<div class="vertical-section-container centered">
    <h3>
      This demo is for a single &lt;iron-icon&gt;. If you're looking for the
      whole set of available icons, check out the
      <a href="https://www.webcomponents.org/element/PolymerElements/iron-icons/demo/demo/index.html" target="_top">&lt;iron-icons&gt;
      demo.</a>
    </h3>

    <h3><code>iron-icon</code> using a iron-iconset as its icon source.</h3>
    <demo-snippet>
      <template>
        <iron-iconset name="example" icons="location" src="location.png" size="24" width="24"></iron-iconset>

        <iron-icon icon="example:location"></iron-icon>
      </template>
    </demo-snippet>

    <h3><code>iron-icon</code> using an image url as its icon source.</h3>
    <demo-snippet>
      <template>
        <iron-icon src="location.png"></iron-icon>
      </template>
    </demo-snippet>
  </div>`;

document.body.appendChild($_documentContainer.content);
</script>
</body>
</html>
