<html><head>
    <script>(function(a){var b=a.babelHelpers={};b.interopRequireDefault=function(a){return a&&a.__esModule?a:{default:a}},b.interopRequireWildcard=function(a){if(a&&a.__esModule)return a;var b={};if(null!=a)for(var c in a)if(Object.prototype.hasOwnProperty.call(a,c)){var d=Object.defineProperty&&Object.getOwnPropertyDescriptor?Object.getOwnPropertyDescriptor(a,c):{};d.get||d.set?Object.defineProperty(b,c,d):b[c]=a[c]}return b.default=a,b}})("undefined"===typeof global?self:global);</script>
<script>"use strict";(function(){function a(a){var b=j[a];return void 0===b&&(b=j[a]={url:a,urlBase:g(a),exports:Object.create(null),isTopLevel:!1,resolved:!1,needsLoad:!0,error:void 0,onResolve:[],onError:[]}),b}function b(a,b,e){d(a,b,function(){for(var b=[],c=0;c<arguments.length;c++)b[c]=arguments[c];e!==void 0&&e.apply(null,b),a.resolved=!0;for(var d,f=0,g=a.onResolve;f<g.length;f++)d=g[f],d()},function(b){return c(a,b)})}function c(a,b){a.error=b;for(var c,d=0,e=a.onError;d<e.length;d++)c=e[d],c(b)}function d(b,c,f,g){function i(){o--,k()}function j(a){g!==void 0&&!1===p&&(g(a),p=!0)}function k(){0==o&&f!==void 0&&f.apply(null,m)}for(var l,m=[],o=c.length,p=!1,q=0,r=c;q<r.length;q++)if(l=r[q],"exports"===l)o--,m.push(b.exports);else if("require"===l)o--,m.push(function(a,c,e){return d(b,a,c,e)});else if("meta"===l)o--,m.push({url:!0===b.isTopLevel?n:b.url});else{var s=a(h(b.urlBase,l));if(m.push(s.exports),!0===s.resolved)o--;else{var t=!0===s.isTopLevel?i:j;void 0===s.error?(s.onResolve.push(i),s.onError.push(t),e(s)):t(s.error)}}k()}function e(a){if(!1!==a.needsLoad){a.needsLoad=!1;var d=document.createElement("script");d.src=a.url,d.onload=function(){void 0===k?b(a,[]):k(a)},d.onerror=function(){return c(a,new TypeError("Failed to fetch "+a.url))},document.head.appendChild(d)}}function f(a){return o.href=a,o.href}function g(a){return a=a.split("?")[0],a=a.split("#")[0],a.substring(0,a.lastIndexOf("/")+1)}function h(a,b){return-1===b.indexOf("://")?f(a+b):b}function i(){return document.baseURI||(document.querySelector("base")||window.location).href}var j=Object.create(null),k=void 0,l=0,m=void 0,n=i();window.define=function(c,d){var e=!1;k=function(a){e=!0,k=void 0,b(a,c,d)},setTimeout(function(){if(!1==e){k=void 0;var f=n+"#"+l++,g=a(f);g.isTopLevel=!0,g.needsLoad=!1,m!==void 0&&c.push(m),m=f,b(g,c,d)}},0)},window.define._reset=function(){for(var a in j)delete j[a];k=void 0,l=0,m=void 0,n=i()};var o=document.createElement("a")})();</script>
<script>define(['shared_bundle_1.js']);</script>
  </head>
  <body>

</body></html>