{
  "description": "An element that supports displaying an icon",
  "keywords": [
    "web-components",
    "polymer",
    "icon"
  ],
  "repository": {
    "type": "git",
    "url": "git://github.com/PolymerElements/iron-icon.git"
  },
  "name": "@polymer/iron-icon",
  "license": "BSD-3-Clause",
  "devDependencies": {
    "@polymer/gen-typescript-declarations": "^1.2.0",
    "bower": "^1.8.0",
    "@polymer/promise-polyfill": "^3.0.0-pre.18",
    "@polymer/iron-iconset": "^3.0.0-pre.18",
    "@polymer/iron-icons": "^3.0.0-pre.18",
    "@polymer/iron-component-page": "^3.0.0-pre.18",
    "wct-browser-legacy": "^1.0.1",
    "@webcomponents/webcomponentsjs": "^2.0.0",
    "@polymer/iron-demo-helpers": "^3.0.0-pre.18"
  },
  "scripts": {
    "update-types": "bower install && gen-typescript-declarations --deleteExisting --outDir ."
  },
  "version": "3.0.0",
  "resolutions": {
    "inherits": "2.0.3",
    "samsam": "1.1.3",
    "supports-color": "3.1.2",
    "type-detect": "1.0.0"
  },
  "main": "iron-icon.js",
  "author": "The Polymer Authors",
  "dependencies": {
    "@polymer/iron-flex-layout": "^3.0.0-pre.18",
    "@polymer/iron-meta": "^3.0.0-pre.18",
    "@polymer/polymer": "^3.0.0"
  }
}
