<html><head><script>(function(a){function b(a){return p.typeof="function"===typeof Symbol&&"symbol"===typeof Symbol.iterator?b=function(a){return typeof a}:b=function(a){return a&&"function"===typeof Symbol&&a.constructor===Symbol&&a!==Symbol.prototype?"symbol":typeof a},b(a)}function c(a){function b(d,e){try{var f=a[d](e),g=f.value,h=g instanceof p.AwaitValue;Promise.resolve(h?g.wrapped:g).then(function(a){return h?void b("next",a):void c(f.done?"return":"normal",a)},function(a){b("throw",a)})}catch(a){c("throw",a)}}function c(a,c){switch(a){case"return":d.resolve({value:c,done:!0});break;case"throw":d.reject(c);break;default:d.resolve({value:c,done:!1});}d=d.next,d?b(d.key,d.arg):e=null}var d,e;this._invoke=function(a,c){return new Promise(function(f,g){var h={key:a,arg:c,resolve:f,reject:g,next:null};e?e=e.next=h:(d=e=h,b(a,c))})},"function"!==typeof a.return&&(this.return=void 0)}function d(a,b){for(var c,d=0;d<b.length;d++)c=b[d],c.enumerable=c.enumerable||!1,c.configurable=!0,"value"in c&&(c.writable=!0),Object.defineProperty(a,c.key,c)}function e(a,b){for(var c in b){var d=b[c];d.configurable=d.enumerable=!0,"value"in d&&(d.writable=!0),Object.defineProperty(a,c,d)}if(Object.getOwnPropertySymbols)for(var e=Object.getOwnPropertySymbols(b),f=0;f<e.length;f++){var g=e[f],d=b[g];d.configurable=d.enumerable=!0,"value"in d&&(d.writable=!0),Object.defineProperty(a,g,d)}return a}function f(a,b,c){return b in a?Object.defineProperty(a,b,{value:c,enumerable:!0,configurable:!0,writable:!0}):a[b]=c,a}function g(){return p.extends=g=Object.assign||function(a){for(var b,c=1;c<arguments.length;c++)for(var d in b=arguments[c],b)Object.prototype.hasOwnProperty.call(b,d)&&(a[d]=b[d]);return a},g.apply(this,arguments)}function h(a,b,c){null===a&&(a=Function.prototype);var d=Object.getOwnPropertyDescriptor(a,b);if(d===void 0){var e=Object.getPrototypeOf(a);return null===e?void 0:h(e,b,c)}if("value"in d)return d.value;var f=d.get;return void 0===f?void 0:f.call(c)}function i(a){return i=Object.getPrototypeOf||function(a){return a.__proto__},i(a)}function j(a,b){return j=Object.setPrototypeOf||function(a,b){return a.__proto__=b,a},j(a,b)}function k(a,b,c){return k="object"===typeof Reflect&&Reflect.construct||function(b,c,d){var e,f=[null];return f.push.apply(f,c),e=b.bind.apply(b,f),j(new e,d.prototype)},k(a,b,c)}function l(a){var b="function"===typeof Map?new Map:void 0;return p.wrapNativeSuper=l=function(a){function c(){}if("function"!==typeof a)throw new TypeError("Super expression must either be null or a function");if("undefined"!==typeof b){if(b.has(a))return b.get(a);b.set(a,c)}return c.prototype=Object.create(a.prototype,{constructor:{value:c,enumerable:!1,writable:!0,configurable:!0}}),j(c,j(function(){return k(a,arguments,i(this).constructor)},a))},l(a)}function m(a,b,c,d){var e=Object.getOwnPropertyDescriptor(a,b);if(e===void 0){var f=Object.getPrototypeOf(a);null!==f&&m(f,b,c,d)}else if("value"in e&&e.writable)e.value=c;else{var g=e.set;g!==void 0&&g.call(d,c)}return c}function n(a){if(Array.isArray(a)){for(var b=0,c=Array(a.length);b<a.length;b++)c[b]=a[b];return c}}function n(a){if(Array.isArray(a))return a}function o(a){if(Symbol.iterator in Object(a)||"[object Arguments]"===Object.prototype.toString.call(a))return Array.from(a)}var p=a.babelHelpers={};p.typeof=b,p.asyncIterator=function(a){if("function"===typeof Symbol){if(Symbol.asyncIterator){var b=a[Symbol.asyncIterator];if(null!=b)return b.call(a)}if(Symbol.iterator)return a[Symbol.iterator]()}throw new TypeError("Object is not async iterable")},p.AwaitValue=function(a){this.wrapped=a},"function"===typeof Symbol&&Symbol.asyncIterator&&(c.prototype[Symbol.asyncIterator]=function(){return this}),c.prototype.next=function(a){return this._invoke("next",a)},c.prototype.throw=function(a){return this._invoke("throw",a)},c.prototype.return=function(a){return this._invoke("return",a)},p.AsyncGenerator=c,p.wrapAsyncGenerator=function(a){return function(){return new p.AsyncGenerator(a.apply(this,arguments))}},p.awaitAsyncGenerator=function(a){return new p.AwaitValue(a)},p.asyncGeneratorDelegate=function(a,b){function c(c,d){return e=!0,d=new Promise(function(b){b(a[c](d))}),{done:!1,value:b(d)}}var d={},e=!1;return"function"===typeof Symbol&&Symbol.iterator&&(d[Symbol.iterator]=function(){return this}),d.next=function(a){return e?(e=!1,a):c("next",a)},"function"===typeof a.throw&&(d.throw=function(a){if(e)throw e=!1,a;return c("throw",a)}),"function"===typeof a.return&&(d.return=function(a){return c("return",a)}),d},p.asyncToGenerator=function(a){return function(){var b=this,c=arguments;return new Promise(function(d,e){function f(a,b){try{var c=i[a](b),f=c.value}catch(a){return void e(a)}c.done?d(f):Promise.resolve(f).then(g,h)}function g(a){f("next",a)}function h(a){f("throw",a)}var i=a.apply(b,c);g()})}},p.classCallCheck=function(a,b){if(!(a instanceof b))throw new TypeError("Cannot call a class as a function")},p.createClass=function(a,b,c){return b&&d(a.prototype,b),c&&d(a,c),a},p.defineEnumerableProperties=e,p.defaults=function(a,b){for(var c=Object.getOwnPropertyNames(b),d=0;d<c.length;d++){var e=c[d],f=Object.getOwnPropertyDescriptor(b,e);f&&f.configurable&&a[e]===void 0&&Object.defineProperty(a,e,f)}return a},p.defineProperty=f,p.extends=g,p.objectSpread=function(a){for(var b=1;b<arguments.length;b++){var c=null==arguments[b]?{}:arguments[b],d=Object.keys(c);"function"===typeof Object.getOwnPropertySymbols&&(d=d.concat(Object.getOwnPropertySymbols(c).filter(function(a){return Object.getOwnPropertyDescriptor(c,a).enumerable}))),d.forEach(function(b){p.defineProperty(a,b,c[b])})}return a},p.get=h,p.inherits=function(a,b){if("function"!==typeof b&&null!==b)throw new TypeError("Super expression must either be null or a function");a.prototype=Object.create(b&&b.prototype,{constructor:{value:a,enumerable:!1,writable:!0,configurable:!0}}),b&&(Object.setPrototypeOf?Object.setPrototypeOf(a,b):a.__proto__=b)},p.wrapNativeSuper=l,p.instanceof=function(a,b){return null!=b&&"undefined"!==typeof Symbol&&b[Symbol.hasInstance]?b[Symbol.hasInstance](a):a instanceof b},p.interopRequireDefault=function(a){return a&&a.__esModule?a:{default:a}},p.interopRequireWildcard=function(a){if(a&&a.__esModule)return a;var b={};if(null!=a)for(var c in a)if(Object.prototype.hasOwnProperty.call(a,c)){var d=Object.defineProperty&&Object.getOwnPropertyDescriptor?Object.getOwnPropertyDescriptor(a,c):{};d.get||d.set?Object.defineProperty(b,c,d):b[c]=a[c]}return b.default=a,b},p.newArrowCheck=function(a,b){if(a!==b)throw new TypeError("Cannot instantiate an arrow function")},p.objectDestructuringEmpty=function(a){if(null==a)throw new TypeError("Cannot destructure undefined")},p.objectWithoutProperties=function(a,b){if(null==a)return{};var c,d,e={},f=Object.keys(a);for(d=0;d<f.length;d++)c=f[d],0<=b.indexOf(c)||(e[c]=a[c]);if(Object.getOwnPropertySymbols){var g=Object.getOwnPropertySymbols(a);for(d=0;d<g.length;d++)c=g[d],!(0<=b.indexOf(c))&&Object.prototype.propertyIsEnumerable.call(a,c)&&(e[c]=a[c])}return e},p.assertThisInitialized=function(a){if(void 0===a)throw new ReferenceError("this hasn't been initialised - super() hasn't been called");return a},p.possibleConstructorReturn=function(a,b){return b&&("object"===typeof b||"function"===typeof b)?b:p.assertThisInitialized(a)},p.set=m,p.taggedTemplateLiteral=function(a,b){return b||(b=a.slice(0)),Object.freeze(Object.defineProperties(a,{raw:{value:Object.freeze(b)}}))},p.temporalRef=function(a,b){if(a===p.temporalUndefined)throw new ReferenceError(b+" is not defined - temporal dead zone");else return a},p.readOnlyError=function(a){throw new Error("\""+a+"\" is read-only")},p.temporalUndefined={},p.slicedToArray=function(a,b){return p.arrayWithHoles(a)||p.iterableToArrayLimit(a,b)||p.nonIterableRest()},p.toArray=function(a){return p.arrayWithHoles(a)||p.iterableToArray(a)||p.nonIterableRest()},p.toConsumableArray=function(a){return p.arrayWithoutHoles(a)||p.iterableToArray(a)||p.nonIterableSpread()},p.arrayWithoutHoles=n,p.arrayWithHoles=n,p.iterableToArray=o,p.iterableToArrayLimit=function(a,b){var c=[],d=!0,e=!1,f=void 0;try{for(var g,h=a[Symbol.iterator]();!(d=(g=h.next()).done)&&(c.push(g.value),!(b&&c.length===b));d=!0);}catch(a){e=!0,f=a}finally{try{d||null==h["return"]||h["return"]()}finally{if(e)throw f}}return c},p.nonIterableSpread=function(){throw new TypeError("Invalid attempt to spread non-iterable instance")},p.nonIterableRest=function(){throw new TypeError("Invalid attempt to destructure non-iterable instance")},p.toPropertyKey=function(a){return"symbol"===typeof a?a:a+""}})("undefined"===typeof global?self:global);</script><script>window.customElements||document.write("<!--");</script><script type="text/javascript" src="webcomponentsjs/custom-elements-es5-adapter.js"></script><!--! do not remove --><script>console.log("webcomponents-loader.js goes here");</script></head><body><div hidden="" by-polymer-bundler=""><link rel="lazy-import" href="bar.html"><template>I'm foo.html!</template><link rel="import" href="shared_bundle_1.html"></div><div>hello world</div><script>var Foo=function(a){function b(){return babelHelpers.classCallCheck(this,b),babelHelpers.possibleConstructorReturn(this,(b.__proto__||Object.getPrototypeOf(b)).apply(this,arguments))}return babelHelpers.inherits(b,a),b}(babelHelpers.wrapNativeSuper(HTMLElement));</script></body></html>