<html><head>
    <script type="module">const dep1 = 'dep1';
const mod2 = 'mod2';
const mod1 = 'mod1';</script>
  </head>
  <body>

</body></html>