<html><head>
    <script type="module">sideEffectFunction();</script>
  </head>
  <body>

</body></html>